This is a doctest for classifer.py to check accracy of ssence API.
Each '>>' line is run as if in a python shell, and conts as a test.
The next line, if not '>>' is the expected output of the previous line.
If anything doesn't match exactly (inclding trailing spaces), the test fails.
 
>>> from classifier import ssense
>>> ssense("อย่าซื้อร้านตู้")
'negative'
>>> ssense("มันยำเละมาก่อน อย่าหลงไปนะ")
'negative'
>>> ssense("สุดยอดอ่ะ")
'positive'
>>> ssense("ไม่อยากจะเอาข้อเสียมารวมแล้วนับว่ามีกี่ข้อเลยค่ะ")
'negative'
>>> ssense("อืมมมม... อยากไปอยู่ด้วยเลยแฮะ สาวๆเมืองนี้เจ๋งดี")
'positive'
>>> ssense("หยุดปืนเลเซอร์ได้ก้ไม่กากแย้วว ><!")
'positive'
>>> ssense("อันนี้เลือกมองในสิ่งที่ดีมากครับ")
'positive'
>>> ssense("ดีใจที่เห็นว่าเขากำลังทำการปรับปรุง พัฒนากันอยู่ครับ")
'positive'
>>> ssense("ถ้าไม่เตือนแบบนี้แย่เลยนะครับ")
'negative'
>>> ssense("โดนพนักงานหลอกแล้วครับ จะเส้นแนวตั้งหรือแนวนอนไม่ควรมีทั้งนั้น")
'negative'
>>> ssense("บะหมี่เกี๊ยวแห้งน่าทานมากครับ....เดินเก่งจริงๆเลยอาสามนี่")
'positive'
>>> ssense("ราคาแอบแรงเนาะ")
'negative'
>>> ssense("เซอร์วิสดีค่ะ ชอบๆ")
'positive'
>>> ssense("บริการน่ารักจริงๆค่ะ")
'positive'
>>> ssense("โอยยยย หิวเลยค่ะ น่ากินสุด ๆ ทั้งพะแนงและเค้กส้ม ><")
'positive'
>>> ssense("ประยุกต์ได้ดีเลยค่ะ อยากกินพะแนงแซลม่อนขึ้นมาทันที")
'positive'
>>> ssense("ดุกกรอบอร่อยออร่าพุ่งครับ")
'positive'
>>> ssense("ลองเลย ไม่อร่อยให้เตะ 55555")
'positive'
>>> ssense("เง้อ ไม่น่าเลย หมดหล่อ")
'negative'
>>> ssense("รอแบบอึดอัด")
'negative'
>>> ssense("บ้านเท่ดีครับ ชอบฉากกั้นบันได")
'positive'
>>> ssense("ไม่แปลกที่เสีย เงิน ค่าซ่าง เพราะ โง่ทั้งคู่หลอกกันได้")
'negative'
>>> ssense("พอจะทราบไหมว่าบ้านของ leah อยู่ไหนเพราะตอนนี้กำลังจะตามจีบอยู่เบื่อ haley ล่ะ - -*")
'negative'
>>> ssense("ปล่อยให้พนักงานพูดกับผู้โดยสารแบบนี้ได้ยังไงงานบริการสมัยนี้น่ากลัวนะค่ะ  ถือองค์กันน่าดูกฏคือกฏ แต่กริยา นั้นสำคัญ")
'negative'
>>> ssense("เป็นความผิดของคุณเองนะครับ")
'negative'
>>> ssense("เราก็ประทับใจกับ thai smlle ค่ะ พนักงานน่ารัก บริการดี และที่ดีไปใหญ่คือ ไม่ต้องต่อแถวรอเช็คอินนาน แป๊บเดียวเสร็จ")
'positive'
>>> ssense("ลูกไม่รักดี ตัดหางปล่อยวัดเถอะครับ เลี้ยงไม่รู้จักโต")
'negative'
>>> ssense("เกลียดสหภาพการบินไทยมาก")
'negative'
>>> ssense("น่าสนใจมากๆค่ะ ขอบคุณสำหรับคำแนะนำนะคะ")
'positive'
>>> ssense("เจรจาขณะที่กำลังเข้าตาจน เค้าขออะไรก็ต้องให้ เสียเปรียบทุกประตู ถึงคราวนี้จะรอดไปได้ ก็คางเหลืองแน่นอน")
'negative'
>>> ssense("พูดจาแบบนี้ให้แปลความแบบบ้านๆก็คือหยามน้ำหน้ากันชัดๆ")
'negative'
>>> ssense("ก็คิดไว้อยู่เหมือนกันค่ะแต่ว่าก็กลัวจะหางานทำไม่ได้")
'negative'
>>> ssense("น่าไปมากค่ะ ไปกับ ขสมก ก็สะดวกดีเหมือนกันนะนี่")
'positive'
>>> ssense("ถ้าพูดถึงหลักวิศวกรรมและความปลอดภัยแล้ว ผมว่ารถบัส 2 ชั้นนี้โคดอันตรายกว่ารถตู้อีกครับ")
'negative'
>>> ssense("วิ่งไกลนี่ รถตู้ไม่ไหวจริงๆ")
'negative'
>>> ssense("น่ารักดีครับ")
'positive'
>>> ssense("RT @panguo_o: #vrzoวงแตก ตอนนี้มันคือเรื่องของการหักหลังกันเองล้วนๆ บต หักหลัง ทท จากนั้น บต ก็โดนเพื่อนที่ตัวเองปรึกษาทำคลิปหลุด /สลดใจ")
'negative'
>>> ssense("ของTrue ลูกพี่ลูกน้องกัน จอแตก ทั้งสองเครื่อง.. ตกไม่สูงแท้ๆ จอมัน อ่อนแอมาก...ใส่กระเป๋ากางเกงยีนยังแตกเลย")
'negative'
>>> ssense("เห็นใจมาก ตอนผมเปลี่ยนเครื่องคิดแล้วคิดอีก ถ้าไม่ได้เครื่องเก่าที่ญาติเอามาทิ้งให้ลูกชายเล่น สถาพใช้งานได้ โทรม ไม่มีแบต แล้วผมหาแบตใส่เอาไปแลก ผมคงตัดสินใจไม่แลกเครื่องแรก กะว่าจะแลกแค่เบอร์เดียวเพราะไม่คุ้มค่า เลยแลก LAVA W3 เพราะเป็นรายเดือน เลยแลกฟรี รุ่นอื่นต้องจ่ายเงิน พอแลกเสร็จไม่ถึงเดือน ออกโปรโมชั่นไม่ต้องจ่ายเงิน แค่เอาเงินเติมเข้าเบอร์ไว้ เลยน่าสนใจ ตัดสินใจเอาอีก 2 เบอร์ไปแลกสมาร์ทโฟนมาแต่ยอมรับว่าคุณภาพ LAVA W3 คงเทียบไม่ได้กับ Nokia Samsung หรอกครับ แล้วคนที่แลกก่อนจะเที่ยบไม่ได้กับคนที่แลกหลังๆ")
'negative'
>>> ssense("แต่ประเด็นคือ ถ้าเอามารวมบิลเดือนนี้ แต่ยังไม่เกินรอบบิลนี่สิครับ แล้วมาตัด สญณ คือเซงตรงนี้แหละครับ เงินแค่ไม่กี่บาทกับระยะเวลาผ่านมาไม่กี่วันถึงกับตั สญณ กันเลยหรอ นี่คือเหตุผลที่ผมกำลังหาคำตอบ /ขอบคุณครับที่ร่วมแสดงความคิดเห็น 5555เซง ทำไรไม่ได้")
'negative'
>>> ssense("รอบที่แล้วก็ตอบแบบนี้ ให้ทางดีแทคส่งเรื่องไปใหม่ แล้วก็วนกลับมาอีกครั้งว่า ชื่อ-สกุล ไม่ตรงกันอีกหรือเปล่าคะ...ถ้าจริงใจต่อกันจริง รบกวนคุณฉลาด ประสานงานจนโอนย้ายสำเร็จได้หรือไม่ ไม่ใช่ตอบหน้ากระทู้อย่างดีเลิศ แล้วก็ทิ้งไปไม่ติดตามให้หวังว่า คงไม่มีครั้งที่ 3 อีกนะ ฉันอาจจะร้องเรียนไปหน่วยงานอื่นกถ้าทรู ขึ้นมาที่ 1 ขอใช้ ที่ 2 ที่ 3 แทนดีกว่าค่ะสยองมากๆ็ได้...")
'negative'
>>> ssense("ไม่ผ่าน เซ็งเป็ด")
'negative'
>>> ssense("เจอเหมือนกัน ไม่แจ้งอะไรสักอย่าง โทรไปหาคอยเซ็นเต่อดันบอก มีอยู่ในบิลแล้วค่า เอ่อ งั้นย้ายค่ายละกัน")
'negative'
>>> ssense("เซงมากเลยค่ะ ลูกค้าไม่รู้หรอกค่ะ ว่า โปรหมดเมื่อไหร่ ในใบแจ้งหนี้ก้ไม่มีบอกอะค่ะ")
'negative'
>>> ssense("ถ้าทรู ขึ้นมาที่ 1 ขอใช้ ที่ 2 ที่ 3 แทนดีกว่าค่ะสยองมากๆ")
'negative'
>>> ssense("ถ้า true พัฒนางานด้านบริการและหลังการขายได้เท่า AIS มีสิทธิ์ตบ AIS คว่ำเลยครับ แต่ถ้านังเป็นแบบทุกวันนี้ true เป็นที่ 1 ด้านคลื่น แต่เป็นที่ 3 ด้านบริการ และโอกาศขึ้นเป็นที่ 1 ยากมาก")
'negative'
>>> ssense("ล่าสุดผมรอคอลเซ็นเตอร์ 40 นาที เจ้าหน้าที่เสียชีวิตกันหมดแล้วหรอครับ เฮ้ออออออออออออออออออออออออ")
'negative'
>>> ssense("จากรูป รบกวนช่วยทีคะ ว่า สรุปแล้วไง ดีแทคส่งเรื่องซ้ำรึยัง ดิฉันแจ้งให้ส่งเรื่องโอนย้ายซ้ำเข้าดีแทคตั้งแต่วันศุกร์ เวลาประมาณ 2ทุ่ม ดิฉันรู้ดีคะ ว่า ติดเสาร์ อาทิตย์ วันจันทร์ ดิฉันตามอีกรอบ สรุปคือ กำลังจะส่งให้อยู่ระหว่างดำเนินการ แต่เมื่อวาน AIS ส่งข้อความมาตามรูป เท่ากับว่า ไม่มีการส่งเรื่องดึงลูกค้าจาก AIS ไป DTAC เช็คให้ทีคะ เอาชัวร์ๆ เลย ถ้ายังไม่ได้ส่งเรื่องซ้ำ ยกเลิกคำขอโอนย้ายไปเลยคะ ดิฉันไม่ย้ายกลับดีแทคแล้วเบอร์นี้ โอเคนะคะ AIS ตามเรื่องทางหลังไมค์อีกทีคะ ขอบคุณคะ ส่วนดีแทคไม่ต้องมาหลังไมค์แล้วนะคะ มาตอบหน้าไมค์คะ ขอบคุณ")
'negative'
>>> ssense("เห็นด้วยคะ เพราะเคยสังเกตเหมือนกันว่าจะตอบกระทู้ไวมาก แต่หลังไมค์รอไปเหอะเร็วสุดก็30นาที")
'negative'
>>> ssense("ไอ้เรื่องร้อนนี่แหล่ะ ... น่ากลัว")
'negative'
>>> ssense("น่าจะลาออกไปได้แล้วนะ,  ตาคนนี้นี่")
'negative'
>>> ssense("เจรจาขณะที่กำลังเข้าตาจน เค้าขออะไรก็ต้องให้ เสียเปรียบทุกประตู ถึงคราวนี้จะรอดไปได้ ก็คางเหลืองแน่นอน")
'negative'
>>> ssense("ผมเหนื่อยแทน JAS จริง ๆ เลย")
'negative'
>>> ssense("ข้อ 2. เลยค่ะ ได้ไม่ตรงตามขนาดที่ลงโฆษณาไว้ ให้เค้าส่งมาให้ใหม่")
'negative'
>>> ssense("พวกน้ำท่วมทุ่งครับ เฉไปเฉมา ลากไร้สาระไปเรื่อย")
'negative'
>>> ssense("บ้าแล้ว อ่อนเพื่ออะไรครับ ดูถูกทั้งโปรแกรมเมอร์ ดูถูกทั้ง lee โปรแกรมมันเอ๋อรวนจริงๆนั่นแหละตา 4 ตา 5 นี่ leeจับทางได้จริงนั่นแหละ เล่นดูดีกว่า ตา 1 2 3 เยอะ ตา 5 นี่ถ้าลีไม่พลาดเองก็ชนะแล้ว")
'negative'
>>> ssense("โดยส่วนตัวแล้วผมว่าการย้อนเวลาเป็นสิ่งที่ไม่สมควรจะถูกสร้างขึ้นมากที่สุด เพราะมันจะทำให้คนเราไม่ยอมรับความจริงและเอาแต่ยากจะแก้ไขในอดีตทำให้โลกวุ่นวายไปหมด ขอขอบคุณทุกคำตอบล่วงหน้าจากมิสเตอร์ No enemy")
'negative'
>>> ssense("คิดเหมือนกันเลย Time machine ทั้งที่เดินทางไปในอนาคตและย้อนอดีตไม่ควรถูกพัฒนาและสร้างขึ้น เพราะ บางการที่ไปยุ่งกับกาลเวลาอาจทำให้ทุกสิ่งเปลี่ยนไปและอาจจะแย่กว่าเดิม ผมว่าอยู่กับปัจจุบันดีที่สุดครับ ^^แก้ไขข้อความเมื่อ23 ชั่วโมงที่แล้ว")
'negative'
>>> ssense("มันวัดยากครับ ถ้าพื้นที่แล้งมากฝนหนึ่งห่าก็มีความหมาย พอมีหญ้าให้วัวกิน ได้รองน้ำไว้ให้วัวแต่ถ้ามันไปตกที่ๆไม่ต้องการมันก็ไม่มีความหมายคนหิวน้ำ น้ำขวดละ50ก็ต้องซื้อครับถ้ามันไม่มีที่ซื้อแต่มันเป็นการแก้ปัณหาที่ปลายเหตุ แถวกาฬสิน ยังทำนาปรังกันเขียวเลย แต่ห่างมา40โลน้ำประปายังไม่มีเลยครับควรวางแผนระยะยาวด้วย")
'negative'
>>> ssense("เครื่องบินดูรุ่นเก่ามาก  อยากให้รัฐบาลเพิ่มงบมาปรับปรุงอุปกรณ์ให้ทันสมัย และมีความปลอดภัยสูงยิ่งขึ้นครับ")
'negative'
>>> ssense("RT @PllAMONG: กระบี่ทะเลไทย สวยไม่แพ้ทะเลอื่นเลยนะฮ้า ไม่ไปไม่รู้ รูปที่ถ่ายมาความสวยไม่ถึงครึ่งของสถานที่จริง #ReviewThailand https://t.co…")
'positive'
>>> ssense("RT @PluToSoda: หลงรักกระบี่ #krabi #ReviewThailand https://t.co/VlIAIVPcOl")
'positive'
>>> ssense("RT @wilawan1995: ไปตอนนี้ยังทัน ดอกทองกวาวยังไม่ล่วงลงหมด กำลังสวยให้อารมณ์เหมือนต้นบ๊วยที่อยู่เชียงใหม่  #รีวิวอุดร #ReviewThailand https:…")
'positive'
>>> ssense("RT @ppearro: เสม็ดเป็นดินแดนสงบเดินทางง่าย อาหารอร่อย #เกาะเสม็ด #ReviewThailand https://t.co/GSUbBfVw4x")
'positive'
>>> ssense("RT @kokjimookjuk: บ้านหมอนอุ่น ร้านน่ารักมากเป็นทั้งร้านขนมและก็ที่พักด้วย บริการดีมากๆๆ #reviewchiangmai #ReviewThailand https://t.co/96Za…")
'positive'
>>> ssense("RT @isthatporshe: รักป่า รักเขา รักธรรมชาติ ควรไปน้ำตกพลิ้ว จ.จันทบุรี ปลาเยอะมากก น้ำใส #ReviewThailand @Review_Thailand https://t.co/8BiR…")
'positive'
>>> ssense("RT @mie_GK: ของน่ารักน่าซื้อเต็มไปหมดด อยากซื้อฝากทุกคนๆ แต่ติดที่ตังค์กํไม่มีเนี้ยแหละะ #ReviewThailand https://t.co/fU5584Qlpq")
'positive'
>>> ssense("RT @Ployai: #รีวิวโคราช เขาหย่ายยยย ไปพักผ่อนกันน สถานที่ท่องเที่ยวเยอะมากตลอดทาง มาค่ะ รอรายยล่ะ #reviewthailand https://t.co/9ILWL7DBhb")
'positive'
>>> ssense("RT @sarunyaporn5: เอาขนมซูโม่เทใส่นม แล้วแช่แข็ง อร่อยหอมนมมากคือดีงาม ต้องลอง  #HowtoPerfect #อร่อยไปแดก #ReviewThailand #reviewesan https…")
'positive'
>>> ssense("RT @BOYCHENBOT: ไม่รู้จะอธิบายยังไงว่าน้ำมันใสขนาดไหนสวยขนาดไหนคือที่ถ่ายมายังไม่สวยเท่าที่ตาเห็น  เกาะไข่ จ.สตูล #ReviewThailand https://t…")
'positive'
>>> ssense("RT @benzfrg: ทรายละเอียดน้ำทะเลใสเห็นปลาในที่สุดก็ได้ไปทะเลแย้วว #เกาะตาชัย #ReviewThailand https://t.co/QIMWcYtcR3")
'positive'
>>> ssense("RT @isislin4: ร่าเริงเพราะธรรมชาติ น้ำตกห้วยจันทร์ #รีวิวศรีสะเกษ #รีวิวอีสาน #reviewthailand http://t.co/CL07wEJsNY")
'positive'
>>> ssense("RT @EnJoyiix: ถ้าอยากเสพบรรยากาศชิลๆริมแม่น้ำ ไม่ต้องไปไกล เอเชียทีครอคุณอยู่ ไปกี่ทีก็ไม่เบื่อนะ #ReviewThailand https://t.co/1m7KsLEbFY")
'positive'
>>> ssense("ผมก็ชอบเฮียเคจนี่แหล่ะครับ ดู real ดี ไม่สำอางแต่งหล่อ ล่อสาวอย่างเดียว เหมือนปุตินซะด้วย KGB 55 คนส่วนใหญ่ชอบหน้าตามาก่อน ผมว่าเฮียแก่ดุได้ใจดีครับ ชอบโหดๆๆ")
'positive'
>>> ssense("ขอบคุณสำหรับข้อมูลและรูปภาพสวยๆครับ แหะๆ")
'positive'
>>> ssense("อันนี้น่ารักมากกกกกกกก")
'positive'
>>> ssense("เห็นแล้วผมลั่นเลย ตลกดี เป็นจริงได้ผมว่าก็ดีนะ")
'positive'
>>> ssense("ก็ไม่แย่นะแหวกแนวดี แต่อาจเจอกระแสแอนตี้")
'positive'
>>> ssense("ชนะไปเลยครับ พลังสาวกนี่สุดยอดจริงๆ")
'positive'
>>> ssense("007 หล่อและมีพลัง เสื้อผ้าเนี๊ยบจริง ๆ ออกฉากไหนก็เท่ห์ เครกเหมาะสมแล้วกับบท 007 ไม่ขอวิจารณ์สำหรับภาคนี้แล้วกัน 555 เอาเป็นว่าดูเพราะชอบพระเอกที่สุด เขาคือบอนด์ตัวจริงเลย")
'positive'
>>> ssense("แรกเริ่ม พอรุว่าเฮียเครกเล่น ในใจคิดว่าหล่อหน่อยไปนิดมั้ย แต่พอดูภาคตั้งแต่ casino royale เอ้ยรุสึกมันใช่อ่ะก้อเลยติดตาม จนถึง spectre เครก ยิ่งดูแล้วยิ่งเท่ห์อ่ะ เล่นแบบไม่ห่วงหน้าตา  มีเสน่ห์แบบดิบเถื่อนๆ ดูธรรมชาติดี  เออ เพิ่งรุว่าชอบบอนด์แบบนี้ การที่เฮียมารับบทนี้ สำหรับเราคือเหมาะสมนะ เล่นต่ออีกหน่อยนะเฮีย อยากดูๆ")
'positive'
>>> ssense("ตอนแรกเราก็ว่าลุงฌอน เหมาะกับบท 007 มากที่สุด พอลุงเพียซเล่นบท 007 เราว่าไม่เหมาะมากๆแต่พอดูไปหลายภาคที่ลุงเพียซเล่น เรารู้สึกได้เลยว่า ลุงเพียซเหมาะสมกับบท 007 มากที่สุดพอเปลี่ยนเป็นลุงเครกเล่นบท 007 เราว่าไม่เหมาะมากๆ แต่พอดูไปหลายๆภาคที่ลุงเครกเล่นเรารู้สึกได้เลยว่า ลุงเครกเหมาะสมกับบท 007 มากที่สุด")
'positive'
>>> ssense("Skyfall จริงแท้แน่นอน ชอบมาก")
'positive'
>>> ssense("Skyfall น่าจะดีสุดตลอดกาลของแก ละล่ะครับ และดีกว่า ภาคที่เคยๆดูมา พอกลับมาภาคนี้ ก็ภาพสวย  กลางๆ เท่านัเน")
'positive'
>>> ssense("นึกถึงในมุมมองที่น่ารัก ก็ยังมีอยู่ทุ่งนาสีเขียวสองข้างทาง สรรพผู้คนบนตู้รถไฟ ใบหน้าของคนที่มีความหวัง ณ จุดหมายปลายทางที่กำลังมุ่งหน้าไป ใบหน้าของความโหยหาความรักความอบอุ่นของคนที่จะกลับไปสู่อ้อมกอดของคนที่รักที่ห่างกันไกล การทำมาหาเลี้ยงชีวิตด้วยถาดข้าวเหนียว สรรพอาหารเสียบไม้ย่างหอมฉุย เดินสวนกันไปมาบนทางเดินแคบๆ นายตรวจรถไฟที่เดินตรวจตั๋วไปพลางทักทายกับทุกคนเหมือนญาติสนิท จริงแล้ว รถไฟคือชีวิต มิใช่เป็นเพียงเครื่องวัดความศิวิไลทางวัตถุ แต่เพียงอย่างเดียว")
'positive'
>>> ssense("อันนี้เลือกมองในสิ่งที่ดีมากครับ")
'positive'
>>> ssense("ขอบคุณค่ะ ละเอียดมากๆเลยค่ะ ^^")
'positive'
>>> ssense("สุดยอด")
'positive'
>>> ssense("ชอบ location เรื่องนี้นะ เห็นแล้วอยากไปเลย")
'positive'
>>> ssense("สนุกออก..")
'positive'
>>> ssense("อย่าพลาดเชียวนะครับ 27 เหรอ อยากจัดอีกซักรอบ ^^")
'positive'
>>> ssense("ไปดู Star Wars 7 บนจอ IMAX 3D มาแล้วเหมือนกัน คุ้มค่ามากๆ")
'positive'
>>> ssense("Paragon ดีสุด จอใหญ่สูงเท่าตึก 7 ชั้น")
'positive'
>>> ssense("เปิดตัวได้น่าพอใจเลยต่อไปก็ลุ้นให้ยืนระยะยาวๆ ><")
'positive'
>>> ssense("ชอบตัวนี้ ดูเท่ดี.  เพิ่มสีดำอีกหน่อย แจ่ม. ")
'positive'
>>> ssense("เห้ย สวย นะเนี้ย พลังสีแดงยังสู้ไม่ได้เลย")
'positive'
>>> ssense("ไม่ชอบเจ้าสุดท้าย แกชอบโพสบอกว่า ร้านเขามีเท่าที่บอก ร้านอื่นไม่ใช่ของเขา ทั้งที่ความจริงก็ไม่เห็นว่าร้านไหนพยายามจะปลอมเป็นร้านเขาเลย ร้านอื่นก็แค่ใช้ชื่อป้าเฉื่อยเหมือนกันกับร้านนี้ทำอย่างกับอยากจะบอกว่าร้านอื่นปลอมเป็นร้านเขา แล้วมีแต่ร้านเขาที่เป็นของแท้ชื่อร้านของเขาไม่มีคำว่า ป้าเฉื่อย ก็มาเติมว่า by ป้าเฉื่อย เจ้าแรก บางทีก็บอก ออริจินอลใช่ทุกอย่างที่เขาพูดมามันไม่ผิดเลย แต่มันดูเหมือนพยายามให้หลงเข้าใจผิดไปในสิ่งที่เขาอยากจะหลอกกับโพสคลิป ป้าเฉื่อยบอกให้สนับสนุนร้านเขา แต่ไม่บอกอะไรคือต้องการให้คนตีความว่าเป็นร้านของป้าหรือไง ปล. แต่กดเข้าไปดูแล้ว เหมือนว่าที่เราเคยเห็นโพสเยอะๆหายไป เหลือนิดเดียว")
'negative'
>>> ssense("แพงด้วย แถมไม่อร่อย แต่ไม่เคยกินของป้าที่เป็นต้นตำหรับ")
'negative'
>>> ssense("หมอไม่เก่ง วิเคราะห์จมูกคนใข้ไม่ได้ว่าต้องเหลาแบบใหน สั้นยาวไปมั้ย น่าเกลียดมากที่ผิดเต็มๆแต่ดันจะมาเก็บเงินคนใข้เพิ่มทั้งที่ตัวเองเป็นคนยัดสิริโคนผิดรูปไปให้เค้า แทนที่จะแก้ใขความผิดพลาดของตัวเอง เราเป็นกำลังใจให้จขกทนะคะ ขอให้เจอหมอแก้เก่งๆและมีจรรยาบรรณหมอที่ดีนะคะ สู้ๆ")
'negative'
>>> ssense("เอาออกดีไหมคะ ลองคุยกับคลินิกดีๆเพราะดูด้านข้างไม่ค่อยโอเคเลยค่ะ หมอฝีมือแบบนี้เขาไม่สะทกสะท้านเลยเหรอ")
'negative'
>>> ssense("ทำที่นี่เหมือนกันค่ะ รอครบสามเดือนจะไปแก้ที่อื่น เสียดายตังมาก")
'negative'
>>> ssense("ราคาก็ไม่ใช่ว่าจะถูกนะคะ แต่ทำแย่มากค่ะ")
'negative'
>>> ssense("เราอยากทำจมูกเหมือนกันแต่เนื้อตรงจมูกบางมากอะจับแล้วเหมือนมีแค่หนังหุ้มกระดูก ไม่กล้าสักที มาเห็น ของ จขกท อีก ไม่มีความรับผิดชอบเลย ใจร้ายจริงๆ")
'negative'
>>> ssense("จขกท.คิดถูกเเล้วล่ะค่ะ เก็บเงินไว้เเก้ที่อื่นจะดีกว่า นี่ให้เสียเงินซ้ำซ้อนอยู่นั่น ไม่รับผิดชอบเลย")
'negative'
>>> ssense("ถ้าเป็นเรื่องจริงก็แย่มากนะ  ขี้ขโมยอยากได้ของคนอื่น  นิสัยมันศัลยกรรมไม่ได้เหมือนหน้าส่วน จขกท. กับน้องสาว ก็ไว้ใจคนมากเกินไป  ให้จับเงินง่ายๆ")
'negative'
>>> ssense("เพราะความไว้ใจแท้ๆ ไม่คาดคิดว่าคนดีๆกันอยู่จะมาทำกันได้ ที่เราไว้ใจเพราะเค้ามาดีมากจนเรามองข้ามเรื่องแบบนี้ไปเลย เพราะปกติเพื่อนๆในกลุ่มถ้าช็อตก็จะเอ่ยปากยืมกัน ไม่คิดว่าวันนึงจะโดนคนที่รักและไว้ใจทำแบบนี้ เข็ดเลยค่ะงานนี้")
'negative'
>>> ssense("แว็กซ์นี่เคยทำแล้วรูขุมขนอักเสบ ขาลายพร้อย ไม่กล้าทำอีกเลย ขนาดไปทำที่ร้านในห้างด้วยนะ เซ็ง")
'negative'
>>> ssense("เราทำมา ครั้งแรก เบี้ยวค่ะ กำลังรอวันแก้กับหมอท่านอื่นอยู่หมอสำ... บอกดั้งไม่เบี้ยว ตรงแล้ว ไม่ยอมแก้ไขให้แบบที่รับประกัน 1 ปีตอนแรก ศึกษาดีๆนะคะ จะได้ไม่เสียเงิน และเจ็บฟรี แบบเรา อย่าเชื่อเราหมด อยากให้ศึกษาดีๆ เราเอียงซ้ายทั้งแท่ง")
'negative'
>>> ssense("เราเอียงขวาหมดเหมือนกันค่ะ โอยย อยากทำมาก กังวลมากค่ะ T^T จะทบทวนดูให้ดีๆ")
'negative'
>>> ssense("ไลน์ปกติ ชอบมากตรงที่เสริซหาข้อมูลที่คุยกับลูกค้าได้เวลาลูกค้าโอนเงินมาหลายๆคนแล้วยังไม่ได้จด จดไม่ทัน ก็จะรู้จากการเสริซหา ไม่งั้นแย่เลยแก้ไขข้อความเมื่อ2 ชั่วโมงที่แล้ว")
'positive'
>>> ssense("ละเอียดมากครับ ขอบพระคุณที่สละเวลาพิมพ์ให้อ่านกันจขกท. อย่าลืมขอบคุณจขพ. เพื่อเป็นกำลังใจนะครับ")
'positive'
>>> ssense("ขอบคุณโคนี่ ด้วยเหมือนกันนะคะ ให้บริการไวมาก^^ เอาไปสิบคะเเนนเลยตอนนี้น้องเเท๊บ กลับมทำงานได้คล่องเหมือนเดิมเเล้วค่ะเย่ๆๆ อันนี้ใช้วิธี2กะ1ผสมกันคือ ลบเเอพออกเเล้วลงใหม่โดยปิด head chat ก่อนจะใช้ เพราะลองวิธีเเรกเเล้วยังเป็นอยู่ อิอิ")
'positive'
>>> ssense("ขอบคุณ คุณรอยสายรุ้ง มากนะคะวิธีใช้ได้ผลเลยค่ะตอนนี้เครื่องกลับมาเป็นปกติเเล้วค่ะ ")
'positive'
>>> ssense("กำลังจะตัดสินใจซื้อมือถือยี่ห้อนี้  แต่ถ้าศูนย์บริการจะแย่ขนาดนี้  คงได้ตัดสินใจใหม่หล่ะ เงินตั้ง2หมื่นกว่าๆ ที่กำลังจะเสียไป กลัวได้รับบริการแบบนี้จังแก้ไขข้อความเมื่อ2 ชั่วโมงที่แล้ว")
'negative'
>>> ssense("ราคานี้ไม่ไหวครับ ผมคงกลับไปไอโฟนดีกว่า (ตอนนี้ใช้ Z1 อยู่)เรื่องเครื่องร้อนนี่เป็นปัญหาเลย เจอทุกรุ่นด้วย ไม่รู้มันจะร้อนอะไรหนักหนา โทรศัพท์หรือถุงน้ำร้อนก็ไม่ทราบ ผมล่ะกลัวจริงๆ")
'negative'
>>> ssense("ดีหมด ยกเว้นดีไซด์ ไม่มีความโค้งมนเลย สี่เหลี่ยมทื่อๆ เลยเปลี่ยนใจไม่เอา")
'negative'
>>> ssense("เชียร์ ยี่ห้อ wiko ครับบริการหลังการขายดี...เพื่อนๆว่ากันลองหาข้อมูลเพิ่มเติมนะครับ")
'positive'
>>> ssense("หน่วยประมวลผล 1.6 GHz Octa Coreหน่วยความจำ RAM 3 GB + ROM 16 GBถ้าจริงตามนี้ทำให้ J7 น่าสนใจกว่าเดิม")
'positive'
>>> ssense("เก่งจัง ถ่ายออกมาสวยมาก")
'positive'
>>> ssense("อัพเดต ติดแล้ว แบตแจ้งว่า 36% - -เลยออกไปกินข้าว กลับมานั่งกดๆเล่นสักพัก พอ~21%. ค้าง....- -"ค้างตรงหน้า chrome เลย ปิด เปิดก็ไม่ได้กดอะไรไม่ได้เลย ตั้งทิ้งไว้ 15 นาทีได้  แบตไม่หมด ไม่ดับสักที หยิบมากด vol- ,power, home. ค้าง เออรีสตาร์ตให้แฮะ.  จะอยู่ภึงวันกลับใหมเนี่ยสงสัยดวงจะไม่ถูกกะ SS. เครื่องสุดท้ายที่ใช้นี่ S2. เดือนเดียวบอร์ดพัง เข้าศูนย์สามวัน กลับมาขายทิ้งเลยปล.คุณ Dtac  ครับ แสดงว่าถ้าวันจันทร์ Dtac. ไม่เปลี่ยนเครื่องให้ใช่ใหมคับ")
'negative'
>>> ssense("แล้วมาโพสต้องการอะไร เคยคิดไหม ว่าใช้ไม่เป็น หรือเรียกว่า user error อ่ะ??")
'negative'
>>> ssense("บินต่อไปเกาหลีเคลมที่สำนักงานใหญ่ซัมซุงเลยครับ ไหนๆก็ไปใกล้ละ -*-(กุประชด ราคาสองหมื่นกว่าใช้วันเดียวพัง สุดยอดสมเป็นแบรนด์ระดับโลกจริงๆ)")
'negative'
>>> ssense("การบริการหลังการขายตัดหัวเหว่ยออกไปก่อน ศูนย์ สู้ lenovoไม่ได้")
'negative'
>>> ssense("ถ้าแค่ 3 ตัวนี้ เอา E9+ แต่เล่นเกมส์ spec หนักไม่ไหวนะ")
'negative'
>>> ssense("ไอโฟนสมัยนี้ก็ไม่ได้ทนเหมือนสมัยก่อนนะ")
'negative'
>>> ssense("เข้ามาแอบเชียร์ Sony Xperia Z5 Premium")
'positive'
>>> ssense("เน้นกันน้ำดีกว่า....Note5 เริ่มมีปัญหาความชื้นล่ะ")
'negative'
>>> ssense("ถ้าบ้านเราปกครองแบบนั้น ป่านนี้คุณคงไม่มีชีวิตมานั่งบ่นหน้าคอมหรอกครับ")
'negative'
>>> ssense("ผมก็ว่างั้น เป็นที่จีนจริงๆ คุณเละไปแล้ว")
'negative'
>>> ssense("กลัวเจอรถไฟสายเหวินโจมั้ง")
'negative'
>>> ssense("แพ้ยังไม่เริ่มคิดสู้เลยนะนี่")
'negative'
>>> ssense("สร้างมาแล้วจะขายให้ใคร? ใช้กันเอง?คุณภาพห่วยกว่า จีน ญี่ปุ่น เอาไปขายก็ขายไม่ออกใช้กันเอง เราก็คงไม่สร้างเยอะขนาดนั้น เพราะมันขาดทุนถ้าไม่มีคนนั่งมีประโยชน์แค่ไว้โม้ว่าตูสร้างเอง")
'negative'
>>> ssense("รถไฟของญี่ปุ่นเค้าพัฒนาและออกแบบมาเป็นอย่างดีครับ ที่รูปทรงเหมือนปากเป็ดนี่ช่วยลดเสียงดังเวลารถไฟรอดอุโมงค์ ของจีนนี่เหมือนเอาอู่รถบัสมาประกอบเองเลย")
'positive'
>>> ssense("ชื้อของจีน  แล้วขอให้ถ่ายทอดเทคโนโลยี่ก็น่าสนนะ")
'positive'
>>> ssense("เราเห็นว่ายิ่งเร็วเ าใหร่ ก็ยิ่งดีต่อเศรษฐกิจเท่านั้นเพราะความสะดวกและรวดเร็วในการเดินทางจะทำให้เกิดกิจกรรมทางเศรษฐกิจมากมาย")
'positive'
>>> ssense("นักเขียน นักพูด จัดว่าเป็นคนเก่งคนหนึ่งโดยเฉพาะเขียนบทความเป็นภาษาอังกฤษ")
'positive'
>>> ssense("พวกนี้เวลาโกหก แล้วถูกจับได้  จะตึมึน ทำหน้าด้านๆ  อิๆกระทู้บนๆ เพิ่งบอกว่า ญี่ปุ่น กำลังลงพื้นที่สำรวจเส้นทางสายเหนือ ที่ได้รับงานอยู่  คุณภาพแดงๆ มันก็งี้")
'negative'
>>> ssense("ถ้ารถไฟความเร็วสูง ขัดหลักพอเพียงเช่นนั้นแล้ว การบินไทยที่ดูแล้วยิ่งขัดหลักพอเพียง ขาดทุนยับทุกปี ก็ยุบๆ ไปเถอะ.")
'negative'
>>> ssense("เพราะไม่มีปัญญาทำให้มันดี ก็เลยบอกให้พอใจแค่เท่าที่มี")
'negative'
>>> ssense("เพื่อนบ้านนี้หมายถึงในย่าน asian ใช่เปล่า ถ้าใช่ไทยความเร็ว internent เป็นอันดับ 2 นะครับ เป็นรองแค่สิงคโปร์")
'positive'
>>> ssense("น่าสนใจ ขอสายใต้ด้วย")
'positive'
>>> ssense("สั่นบ้าง  แต่ตอนนี้ทางขึ้นเหนือ  ทำใหม่แล้วววิ่งนิ่ม สบายๆๆจาก ติ่งรถไฟไทย")
'positive'
>>> ssense("ผิดกับดิฉัน ชอบมากๆ นอนเตียงบน ความรู้สึกเหมือนนอนเปล แกว่งไกวไปมาเพลินมากพอรถจอดจะรู้สึกตัวลืมตาตื่นทุกทีค่ะ")
'positive'
>>> ssense("ดิฉันนอนได้ค่ะ ถึงจะโคลงเคลงหน่อยแต่ตื่นเต้นดี มีสายกั้นเลยไม่กลัวตกแต่ชอบนอนเตียงล่างมากกว่าค่ะ ชอบดูวิวตอนกลางคืนว่าถึงไหนแล้ว")
'positive'
>>> ssense("อย่าว่าแต่เด็กเลย คนไทยรุ่นไหนก็ยังคิดไม่เป็น ไม่รู้จักคิด อีกมาก เรื้อรังมานาน ลามมาถึงปัจจุบัน")
'negative'
>>> ssense("จริง ... อยากได้นู่นได้นี่ ไม่เห็นจะสร้างสรรค์ผลงานระดับโลกออกมาได้เลย ล้าหลังมากเด็กไทย- ภาษาอังกฤษก็อ่อน- ภาษาไทยยังพูดไม่ค่อยรู้เรื่องเลย")
'negative'
>>> ssense("ใช่ โทษแต่อย่างอื่น ยกเว้น ตัวเอง เด็กไทย คนไทย สุดๆแล้ว")
'negative'
>>> ssense("ขึ้น จนเลิกขึ้น เพราะเรื่องนี้แหละสายเป็นชั่วโมง มันรับไม่ได้ครับ")
'negative'
>>> ssense("ผู้โดยสารแบบที่ไม่ชอบคนที่มีกลิ่นแอลกอฮอล์แบบเราไม่ชอบเลยอะ ยิ่งตอนดึกๆเจอผู้ชายเดินกรึ่มตาแดงมานี่แอบกลัวนะแก้ไขข้อความเมื่อเมื่อวานนี้ เวลา 16:43 น.")
'negative'
>>> ssense("มันคือความล้มเหลวของการศึกษาไทย")
'negative'
>>> ssense("ทรูทำได้ทุดอย่างยกเว้นความถูกต้องและเป็นความยุติธรรม")
'negative'
>>> ssense("ผมว่ามันนอนสบายใช้ได้อยู่นะ")
'positive'
>>> ssense("เรานั่งชั้น 2 เตียงล่าง ไม่เคยนั่งชั้น 1 นอนสบายดีค่ะเท่าที่เคยใช้บริการตู้นอนชอบเตียงล่างขบวนด่วนนครพิงก์กับบัตเตอร์เวิร์ก  เตียงกว้างดี (ใช้ตู้แดวูรุ่นเดียวกัน) แต่เตียงล่างโตคิวเบาะนุ่มกว่าแดวูหน่อยค่ะแก้ไขข้อความเมื่อวันอาทิตย์ เวลา 09:29 น.")
'positive'
>>> ssense("ใช่ๆๆใครอยากชมวิวว   ต้อง  ขบวน 51  ออกตอน 4   ทุ่ม..จะเหนวิวสวยๆ ยามเช้าได้มากกว่าขบวนอื่น...ๆ")
'positive'
>>> ssense("เห็นด้วยครับว่าเราควรทำแค่รถไฟรางคู่ ความเร็วสูงยังไม่ต้องทำ")
'positive'
>>> ssense("ช่วยดันๆๆๆ ค่ะ ต้องถามด้วยว่า มี 4G ไว้ทำไม ผลสุดท้ายก็ต้อง ใช้ 3G อยู่ดี")
'negative'
>>> ssense("เป็นบริษัทที่เห็นแก่ตัวที่สุด")
'negative'
>>> ssense("เค้าดับคลื่น900 ทรูก็ออกมาเดือดร้อน พอเขาเยียวยาเดือนนึงก็ออกมาโจมตีเขาอีก")
'negative'
>>> ssense("ออกข่าวทุกวันชักจะเห็นธาตุแท้และรู้สึกหมั้นไส้บริษัทนี้มากขึ้นทุกวัน")
'negative'
>>> ssense("ย้ายเบอร์ออกจากเอไอเอส ยากมาก")
'negative'
>>> ssense("ช่วงนี้โปรโมทบ่อยนะครับ กลัวลูกค้าหนีรึเปล่า หึหึ")
'negative'
>>> ssense("จริงๆ ก็ไม่ยุติธรรมกับทีมหญิงนะ  ทำไมไม่ให้เขารับราชการบ้างเล่า เอียงกระเท่เร่เลย")
'negative'
>>> ssense("ดีครับ จะได้เข้าใจครงกัน จะได้ทดสอบตรงประเด็นปิดเปิดเครื่องดู ไม่น่าจะใช้เวลามาก")
'positive'
>>> ssense("trueก็พูดถูกแล้วนี่ครับ สุดท้ายถ้าเริ่มประมูลที่1บาท trueก็งคงจะดันราคามาที่70000ล้านอีกรอบอยู่ดี เป็นการลดเวลาด้วย")
'positive'
>>> ssense("เกาหลีเหนือกองเชียร์ยังเพียบเหมือนเดิม ฮีๆ")
'positive'
>>> ssense("ตอนนี้จีนตัดบ๊วยออกมี 8 แต้ม ถ้าชนะจะมี 11 แต้มต้องลุ้นต่ออีกเป็นสเต๊ปคือ- ต้องลุ้นให้ยูเออีไม่ชนะ เกาหลีเหนือไม่ชนะ อิรักไม่ชนะ")
'positive'
>>> ssense("จีนเค้าถือโชคลางด้วยนะเค้าใช้สนามเมืองซีอาน ที่เชื่อว่า สถิติในสนามนี้ จีนเปิดบ้านชนะชาวบ้านมาเยอะที่สุด ยังไม่เคยแพ้ใครในสนามนี้ สถิติดีมากเรามาดูกันว่า โชคลางจะช่วยจีนได้มั้ย ฮี่ๆๆๆ")
'positive'
>>> ssense("กองเชียร์จีน เยอะมาก")
'positive'
>>> ssense("สนามฟิลิปปินส์ สู้สนามกีฬาแห่งชาติลาวยังไม่ได้เลย")
'negative'